com\coffeeshop\repository\JobPostingRepository.class
com\coffeeshop\config\DataSeeder.class
com\coffeeshop\service\UserService.class
com\coffeeshop\service\CustomUserDetailsService.class
com\coffeeshop\entity\JobType.class
com\coffeeshop\entity\BaseEntity.class
com\coffeeshop\repository\OrderRepository.class
com\coffeeshop\dto\CartItem.class
com\coffeeshop\repository\ToppingRepository.class
com\coffeeshop\service\OrderService.class
com\coffeeshop\controller\AdminHistoryController$MonthlyStats.class
com\coffeeshop\service\ToppingService.class
com\coffeeshop\CoffeShopApplication.class
com\coffeeshop\repository\JobApplicationRepository.class
com\coffeeshop\entity\Product.class
com\coffeeshop\controller\ProductController.class
com\coffeeshop\controller\OrderController.class
com\coffeeshop\controller\AdminController.class
com\coffeeshop\entity\User.class
com\coffeeshop\entity\JobPosting.class
com\coffeeshop\repository\ExpenseRepository.class
com\coffeeshop\controller\PageController.class
com\coffeeshop\entity\Category.class
com\coffeeshop\entity\JobApplication.class
com\coffeeshop\service\CategoryService.class
com\coffeeshop\controller\AdminToppingController.class
com\coffeeshop\config\GlobalControllerAdvice.class
com\coffeeshop\controller\HomeController.class
com\coffeeshop\config\MvcConfig.class
com\coffeeshop\entity\OrderItem.class
com\coffeeshop\entity\Role.class
com\coffeeshop\entity\Order.class
com\coffeeshop\controller\CategoryController.class
com\coffeeshop\entity\JobApplication$ApplicationStatus.class
com\coffeeshop\entity\Promotion.class
com\coffeeshop\controller\CheckoutController.class
com\coffeeshop\config\CustomAuthenticationSuccessHandler.class
com\coffeeshop\repository\ProductRepository.class
com\coffeeshop\entity\OrderStatus.class
com\coffeeshop\controller\ExpenseController.class
com\coffeeshop\entity\UserAddress.class
com\coffeeshop\repository\CategoryRepository.class
com\coffeeshop\service\ProductService.class
com\coffeeshop\controller\TrackingController.class
com\coffeeshop\config\WebConfig.class
com\coffeeshop\repository\UserRepository.class
com\coffeeshop\repository\OrderItemRepository.class
com\coffeeshop\controller\InvoiceController.class
com\coffeeshop\entity\ProductReview.class
com\coffeeshop\entity\Topping.class
com\coffeeshop\config\SecurityConfig.class
com\coffeeshop\controller\AdminJobController.class
com\coffeeshop\config\RedisConfig.class
com\coffeeshop\config\RedisConfig$1.class
com\coffeeshop\entity\Expense.class
com\coffeeshop\dto\Cart.class
com\coffeeshop\util\EntityDisplayUtils.class
com\coffeeshop\service\CartService.class
com\coffeeshop\controller\CartController.class
com\coffeeshop\config\CatalogMetadataBackfillRunner.class
com\coffeeshop\controller\AdminHistoryController.class
com\coffeeshop\entity\ProductSize.class
com\coffeeshop\service\ExpenseService.class
com\coffeeshop\repository\ProductSizeRepository.class
