D:\Project\Hashiji-Cafe-main\src\main\java\com\coffeeshop\config\GlobalControllerAdvice.java
D:\Project\Hashiji-Cafe-main\src\main\java\com\coffeeshop\controller\HomeController.java
D:\Project\Hashiji-Cafe-main\src\main\java\com\coffeeshop\repository\CategoryRepository.java
D:\Project\Hashiji-Cafe-main\src\main\java\com\coffeeshop\service\ProductService.java
D:\Project\Hashiji-Cafe-main\src\main\java\com\coffeeshop\service\UserService.java
D:\Project\Hashiji-Cafe-main\src\main\java\com\coffeeshop\controller\CategoryController.java
D:\Project\Hashiji-Cafe-main\src\main\java\com\coffeeshop\repository\ProductSizeRepository.java
D:\Project\Hashiji-Cafe-main\src\main\java\com\coffeeshop\controller\ProductController.java
D:\Project\Hashiji-Cafe-main\src\main\java\com\coffeeshop\entity\JobApplication.java
D:\Project\Hashiji-Cafe-main\src\main\java\com\coffeeshop\controller\AdminController.java
D:\Project\Hashiji-Cafe-main\src\main\java\com\coffeeshop\service\CategoryService.java
D:\Project\Hashiji-Cafe-main\src\main\java\com\coffeeshop\controller\PageController.java
D:\Project\Hashiji-Cafe-main\src\main\java\com\coffeeshop\entity\UserAddress.java
D:\Project\Hashiji-Cafe-main\src\main\java\com\coffeeshop\controller\CartController.java
D:\Project\Hashiji-Cafe-main\src\main\java\com\coffeeshop\controller\CheckoutController.java
D:\Project\Hashiji-Cafe-main\src\main\java\com\coffeeshop\entity\User.java
D:\Project\Hashiji-Cafe-main\src\main\java\com\coffeeshop\entity\Role.java
D:\Project\Hashiji-Cafe-main\src\main\java\com\coffeeshop\entity\Topping.java
D:\Project\Hashiji-Cafe-main\src\main\java\com\coffeeshop\util\EntityDisplayUtils.java
D:\Project\Hashiji-Cafe-main\src\main\java\com\coffeeshop\repository\OrderItemRepository.java
D:\Project\Hashiji-Cafe-main\src\main\java\com\coffeeshop\config\RedisConfig.java
D:\Project\Hashiji-Cafe-main\src\main\java\com\coffeeshop\config\DataSeeder.java
D:\Project\Hashiji-Cafe-main\src\main\java\com\coffeeshop\entity\Promotion.java
D:\Project\Hashiji-Cafe-main\src\main\java\com\coffeeshop\controller\AdminHistoryController.java
D:\Project\Hashiji-Cafe-main\src\main\java\com\coffeeshop\entity\OrderStatus.java
D:\Project\Hashiji-Cafe-main\src\main\java\com\coffeeshop\repository\UserRepository.java
D:\Project\Hashiji-Cafe-main\src\main\java\com\coffeeshop\entity\Product.java
D:\Project\Hashiji-Cafe-main\src\main\java\com\coffeeshop\repository\OrderRepository.java
D:\Project\Hashiji-Cafe-main\src\main\java\com\coffeeshop\controller\TrackingController.java
D:\Project\Hashiji-Cafe-main\src\main\java\com\coffeeshop\service\CartService.java
D:\Project\Hashiji-Cafe-main\src\main\java\com\coffeeshop\entity\ProductSize.java
D:\Project\Hashiji-Cafe-main\src\main\java\com\coffeeshop\CoffeShopApplication.java
D:\Project\Hashiji-Cafe-main\src\main\java\com\coffeeshop\entity\BaseEntity.java
D:\Project\Hashiji-Cafe-main\src\main\java\com\coffeeshop\config\CustomAuthenticationSuccessHandler.java
D:\Project\Hashiji-Cafe-main\src\main\java\com\coffeeshop\entity\JobPosting.java
D:\Project\Hashiji-Cafe-main\src\main\java\com\coffeeshop\service\ToppingService.java
D:\Project\Hashiji-Cafe-main\src\main\java\com\coffeeshop\config\MvcConfig.java
D:\Project\Hashiji-Cafe-main\src\main\java\com\coffeeshop\repository\JobPostingRepository.java
D:\Project\Hashiji-Cafe-main\src\main\java\com\coffeeshop\repository\ToppingRepository.java
D:\Project\Hashiji-Cafe-main\src\main\java\com\coffeeshop\service\CustomUserDetailsService.java
D:\Project\Hashiji-Cafe-main\src\main\java\com\coffeeshop\dto\Cart.java
D:\Project\Hashiji-Cafe-main\src\main\java\com\coffeeshop\controller\AdminJobController.java
D:\Project\Hashiji-Cafe-main\src\main\java\com\coffeeshop\repository\ExpenseRepository.java
D:\Project\Hashiji-Cafe-main\src\main\java\com\coffeeshop\controller\InvoiceController.java
D:\Project\Hashiji-Cafe-main\src\main\java\com\coffeeshop\entity\Expense.java
D:\Project\Hashiji-Cafe-main\src\main\java\com\coffeeshop\repository\JobApplicationRepository.java
D:\Project\Hashiji-Cafe-main\src\main\java\com\coffeeshop\repository\ProductRepository.java
D:\Project\Hashiji-Cafe-main\src\main\java\com\coffeeshop\service\OrderService.java
D:\Project\Hashiji-Cafe-main\src\main\java\com\coffeeshop\entity\JobType.java
D:\Project\Hashiji-Cafe-main\src\main\java\com\coffeeshop\controller\AdminToppingController.java
D:\Project\Hashiji-Cafe-main\src\main\java\com\coffeeshop\controller\OrderController.java
D:\Project\Hashiji-Cafe-main\src\main\java\com\coffeeshop\service\ExpenseService.java
D:\Project\Hashiji-Cafe-main\src\main\java\com\coffeeshop\entity\Order.java
D:\Project\Hashiji-Cafe-main\src\main\java\com\coffeeshop\config\CatalogMetadataBackfillRunner.java
D:\Project\Hashiji-Cafe-main\src\main\java\com\coffeeshop\entity\OrderItem.java
D:\Project\Hashiji-Cafe-main\src\main\java\com\coffeeshop\config\WebConfig.java
D:\Project\Hashiji-Cafe-main\src\main\java\com\coffeeshop\dto\CartItem.java
D:\Project\Hashiji-Cafe-main\src\main\java\com\coffeeshop\controller\ExpenseController.java
D:\Project\Hashiji-Cafe-main\src\main\java\com\coffeeshop\entity\ProductReview.java
D:\Project\Hashiji-Cafe-main\src\main\java\com\coffeeshop\config\SecurityConfig.java
D:\Project\Hashiji-Cafe-main\src\main\java\com\coffeeshop\entity\Category.java
